<html>
<body>
<pre>
<h1>µVision Build Log</h1>
<h2>Tool Versions:</h2>
IDE-Version: µVision V5.12.0.0
Copyright (C) 2014 ARM Ltd and ARM Germany GmbH. All rights reserved.
License Information: Anup K, Self, LIC=----
 
Tool Versions:
Toolchain:       MDK-Lite  Version: 5.12.0.0
Toolchain Path:  C:\anup\tech\bare_metal\tools\keil\installs\ARM\ARMCC\Bin
C Compiler:      Armcc.exe V5.05 (build 41)
Assembler:       Armasm.exe V5.05 (build 41)
Linker/Locator:  ArmLink.exe V5.05 (build 41)
Library Manager: ArmAr.exe V5.05 (build 41)
Hex Converter:   FromElf.exe V5.05 (build 41)
CPU DLL:         SARMCM3.DLL V5.12.0.0
Dialog DLL:      DARMP1.DLL V1.25.0.0
Target DLL:      CMSIS_AGDI.dll V1.19.0.0
Dialog DLL:      TARMP1.DLL V1.24.0.0
 
<h2>Project:</h2>
C:\anup\tech\bare_metal\src\HelloWorld_BM\HelloWorld.uvproj
Project File Date:  10/30/2014

<h2>Output:</h2>
Rebuild target 'mbed NXP LPC1768'
compiling main.cpp...
assembling startup_LPC17xx.s...
compiling system_LPC17xx.c...
compiling sys.cpp...
linking...
Program Size: Code=1132 RO-data=280 RW-data=4 ZI-data=0  
After Build - User command #1: fromelf --bin -o mbed\LPC1768\ARM\HelloWorld_LPC1768.bin mbed\LPC1768\ARM\HelloWorld.axf
".\mbed\LPC1768\ARM\HelloWorld.axf" - 0 Error(s), 0 Warning(s).
Load "C:\\anup\\tech\\bare_metal\\src\\HelloWorld_BM\\mbed\\LPC1768\\ARM\\HelloWorld.axf" 
Erase Done.
Programming Done.
Verify OK.
Application running ...
