<html>
<body>
<pre>
<h1>µVision Build Log</h1>
<h2>Tool Versions:</h2>
IDE-Version: µVision V5.12.0.0
Copyright (C) 2014 ARM Ltd and ARM Germany GmbH. All rights reserved.
License Information: Anup K, Self, LIC=----
 
Tool Versions:
Toolchain:       MDK-Lite  Version: 5.12.0.0
Toolchain Path:  C:\anup\tech\bare_metal\tools\keil\installs\ARM\ARMCC\Bin
C Compiler:      Armcc.exe V5.05 (build 41)
Assembler:       Armasm.exe V5.05 (build 41)
Linker/Locator:  ArmLink.exe V5.05 (build 41)
Library Manager: ArmAr.exe V5.05 (build 41)
Hex Converter:   FromElf.exe V5.05 (build 41)
CPU DLL:         SARMCM3.DLL V5.12.0.0
Dialog DLL:      DARMP1.DLL V1.25.0.0
Target DLL:      CMSIS_AGDI.dll V1.19.0.0
Dialog DLL:      TARMP1.DLL V1.24.0.0
 
<h2>Project:</h2>
C:\anup\tech\bare_metal\src\LPC1768\LPC1768\HelloWorld.uvproj
Project File Date:  11/30/2014

<h2>Output:</h2>
Rebuild target 'mbed NXP LPC1768'
assembling startup_LPC17xx.s...
compiling main.c...
main.c(37): warning:  #1-D: last line of file ends without a newline
  }
main.c: 1 warning, 0 errors
compiling sys.c...
compiling leds_board.c...
compiling timer_t0.c...
linking...
Program Size: Code=608 RO-data=376 RW-data=12 ZI-data=0  
After Build - User command #1: fromelf --bin -o build\bare_metal.bin build\bare_metal.axf
".\build\bare_metal.axf" - 0 Error(s), 1 Warning(s).
</pre>
</body>
</html>
elloWorld'
   deleting intermediate output files for target 'mbed NXP LPC1768'
